[wpocean.com/html/tf/sukun/index-6.html]
[wpocean.com/html/tf/sukun/assets/images/favicon.png]
[backblue.gif]
[fade.gif]
[index.html]
[wpocean.com/html/tf/sukun/assets/css/themify-icons.css]
[wpocean.com/html/tf/sukun/assets/css/font-awesome.min.css]
[wpocean.com/html/tf/sukun/assets/css/flaticon.css]
[wpocean.com/html/tf/sukun/assets/css/bootstrap.min.css]
[wpocean.com/html/tf/sukun/assets/css/animate.css]
[wpocean.com/html/tf/sukun/assets/css/owl.carousel.css]
[wpocean.com/html/tf/sukun/assets/css/owl.theme.css]
[wpocean.com/html/tf/sukun/assets/css/slick.css]
[wpocean.com/html/tf/sukun/assets/css/slick-theme.css]
[wpocean.com/html/tf/sukun/assets/css/swiper.min.css]
[wpocean.com/html/tf/sukun/assets/css/nice-select.css]
[wpocean.com/html/tf/sukun/assets/css/owl.transitions.css]
[wpocean.com/html/tf/sukun/assets/css/magnific-popup.css]
[wpocean.com/html/tf/sukun/assets/css/jquery.fancybox.css]
[wpocean.com/html/tf/sukun/assets/css/odometer-theme-default.css]
[wpocean.com/html/tf/sukun/assets/css/jquery-ui.css]
[wpocean.com/html/tf/sukun/assets/sass/style.css]
[wpocean.com/html/tf/sukun/assets/images/preloader.png]
[wpocean.com/html/tf/sukun/index.html]
[wpocean.com/html/tf/sukun/assets/images/logo.svg]
[wpocean.com/html/tf/sukun/index-2.html]
[wpocean.com/html/tf/sukun/index-3.html]
[wpocean.com/html/tf/sukun/index-4.html]
[wpocean.com/html/tf/sukun/index-5.html]
[wpocean.com/html/tf/sukun/index-7.html]
[wpocean.com/html/tf/sukun/index-rtl.html]
[wpocean.com/html/tf/sukun/invitation-1.html]
[wpocean.com/html/tf/sukun/invitation-2.html]
[wpocean.com/html/tf/sukun/index-8.html]
[wpocean.com/html/tf/sukun/index-9.html]
[wpocean.com/html/tf/sukun/shop-home.html]
[wpocean.com/html/tf/sukun/shop-home-2.html]
[wpocean.com/html/tf/sukun/shop.html]
[wpocean.com/html/tf/sukun/assets/images/shop/mini-cart/img-1.jpg]
[wpocean.com/html/tf/sukun/assets/images/shop/mini-cart/img-2.jpg]
[wpocean.com/html/tf/sukun/checkout.html]
[wpocean.com/html/tf/sukun/cart.html]
[wpocean.com/html/tf/sukun/assets/images/slider/hero-img-3.jpg]
[wpocean.com/html/tf/sukun/assets/images/slider/back-flower2.png]
[wpocean.com/html/tf/sukun/assets/images/slider/vector1.png]
[wpocean.com/html/tf/sukun/assets/images/slider/calender.png]
[wpocean.com/html/tf/sukun/assets/images/slider/vector2.png]
[wpocean.com/html/tf/sukun/assets/images/couple/couple-img-12.jpg]
[wpocean.com/html/tf/sukun/assets/images/couple/couple-img-13.jpg]
[wpocean.com/html/tf/sukun/assets/images/couple/left-shape.png]
[wpocean.com/html/tf/sukun/assets/images/couple/right-shape.png]
[wpocean.com/html/tf/sukun/assets/images/story/story-13.jpg]
[wpocean.com/html/tf/sukun/assets/images/story/story-14.jpg]
[wpocean.com/html/tf/sukun/assets/images/story/story-15.jpg]
[wpocean.com/html/tf/sukun/assets/images/story/story-16.jpg]
[wpocean.com/html/tf/sukun/assets/images/portfolio/36.jpg]
[wpocean.com/html/tf/sukun/assets/images/portfolio/37.jpg]
[wpocean.com/html/tf/sukun/assets/images/portfolio/38.jpg]
[wpocean.com/html/tf/sukun/assets/images/portfolio/39.jpg]
[wpocean.com/html/tf/sukun/assets/images/portfolio/41.jpg]
[wpocean.com/html/tf/sukun/assets/images/portfolio/40.jpg]
[wpocean.com/html/tf/sukun/assets/images/rsvp/top-shape.png]
[wpocean.com/html/tf/sukun/assets/images/rsvp/bottom-shape.png]
[wpocean.com/html/tf/sukun/assets/images/rsvp/l-flower1.png]
[wpocean.com/html/tf/sukun/assets/images/rsvp/l-flower2.png]
[wpocean.com/html/tf/sukun/assets/images/icon/1.svg]
[wpocean.com/html/tf/sukun/assets/images/icon/2.svg]
[wpocean.com/html/tf/sukun/assets/images/icon/3.svg]
[wpocean.com/html/tf/sukun/assets/images/icon/4.svg]
[wpocean.com/html/tf/sukun/assets/images/icon/5.svg]
[wpocean.com/html/tf/sukun/assets/images/icon/6.svg]
[wpocean.com/html/tf/sukun/assets/images/icon/7.svg]
[wpocean.com/html/tf/sukun/assets/images/blog/img-10.jpg]
[wpocean.com/html/tf/sukun/blog-single.html]
[wpocean.com/html/tf/sukun/blog.html]
[wpocean.com/html/tf/sukun/assets/images/blog/img-11.jpg]
[wpocean.com/html/tf/sukun/assets/images/blog/img-12.jpg]
[wpocean.com/html/tf/sukun/assets/images/partners/1.png]
[wpocean.com/html/tf/sukun/assets/images/partners/2.png]
[wpocean.com/html/tf/sukun/assets/images/partners/3.png]
[wpocean.com/html/tf/sukun/assets/images/partners/4.png]
[wpocean.com/html/tf/sukun/assets/images/partners/5.png]
[wpocean.com/html/tf/sukun/about.html]
[wpocean.com/html/tf/sukun/service.html]
[wpocean.com/html/tf/sukun/rsvp.html]
[wpocean.com/html/tf/sukun/gallery.html]
[wpocean.com/html/tf/sukun/contact.html]
[wpocean.com/html/tf/sukun/assets/images/logo-2.svg]
[wpocean.com/html/tf/sukun/assets/js/jquery.min.js]
[wpocean.com/html/tf/sukun/assets/js/bootstrap.bundle.min.js]
[wpocean.com/html/tf/sukun/assets/js/modernizr.custom.js]
[wpocean.com/html/tf/sukun/assets/js/3d-swiper.js]
[wpocean.com/html/tf/sukun/assets/js/jquery-plugin-collection.js]
[wpocean.com/html/tf/sukun/assets/js/gsap-active.js]
[wpocean.com/html/tf/sukun/index-6.html]
[wpocean.com/html/tf/sukun/assets/js/script.js]
[wpocean.com/html/tf/sukun/assets/fonts/themify9f24.eot]
[wpocean.com/html/tf/sukun/assets/fonts/themifyd41d.eot]
[wpocean.com/html/tf/sukun/assets/fonts/themify9f24.woff]
[wpocean.com/html/tf/sukun/assets/fonts/themify9f24.ttf]
[wpocean.com/html/tf/sukun/assets/css/themify-icons.css]
[wpocean.com/html/tf/sukun/assets/fonts/themify9f24.svg]
[wpocean.com/html/tf/sukun/assets/fonts/fontawesome-webfont5b62.eot]
[wpocean.com/html/tf/sukun/assets/fonts/fontawesome-webfontd41d.eot]
[wpocean.com/html/tf/sukun/assets/fonts/fontawesome-webfont5b62.woff2]
[wpocean.com/html/tf/sukun/assets/fonts/fontawesome-webfont5b62.woff]
[wpocean.com/html/tf/sukun/assets/fonts/fontawesome-webfont5b62.ttf]
[wpocean.com/html/tf/sukun/assets/css/font-awesome.min.css]
[wpocean.com/html/tf/sukun/assets/fonts/fontawesome-webfont5b62.svg]
[wpocean.com/html/tf/sukun/assets/fonts/flaticone679.ttf]
[wpocean.com/html/tf/sukun/assets/fonts/flaticone679.woff]
[wpocean.com/html/tf/sukun/assets/fonts/flaticone679.woff2]
[wpocean.com/html/tf/sukun/assets/fonts/flaticone679.eot]
[wpocean.com/html/tf/sukun/assets/css/flaticon.css]
[wpocean.com/html/tf/sukun/assets/css/bootstrap.min.css]
[wpocean.com/html/tf/sukun/assets/css/animate.css]
[wpocean.com/html/tf/sukun/assets/fonts/flaticone679.svg]
[wpocean.com/html/tf/sukun/assets/css/owl.video.play.png]
[wpocean.com/html/tf/sukun/assets/css/owl.carousel.css]
[wpocean.com/html/tf/sukun/assets/css/owl.theme.css]
[wpocean.com/html/tf/sukun/assets/css/slick.css]
[wpocean.com/html/tf/sukun/assets/images/ajax-loader.gif]
[wpocean.com/html/tf/sukun/assets/fonts/slick.eot]
[wpocean.com/html/tf/sukun/assets/fonts/slickd41d.eot]
[wpocean.com/html/tf/sukun/assets/fonts/slick.woff]
[wpocean.com/html/tf/sukun/assets/fonts/slick.ttf]
[wpocean.com/html/tf/sukun/assets/css/slick-theme.css]
[wpocean.com/html/tf/sukun/assets/css/swiper.min.css]
[wpocean.com/html/tf/sukun/assets/css/nice-select.css]
[wpocean.com/html/tf/sukun/assets/css/owl.transitions.css]
[wpocean.com/html/tf/sukun/assets/css/magnific-popup.css]
[wpocean.com/html/tf/sukun/assets/fonts/slick.svg]
[wpocean.com/html/tf/sukun/assets/images/fancybox/fancybox_sprite.png]
[wpocean.com/html/tf/sukun/assets/images/fancybox/fancybox_loading.gif]
[wpocean.com/html/tf/sukun/assets/images/fancybox/blank.gif]
[wpocean.com/html/tf/sukun/assets/images/fancybox/fancybox_overlay.png]
[wpocean.com/html/tf/sukun/assets/images/fancybox/fancybox_sprite@2x.png]
[wpocean.com/html/tf/sukun/assets/images/fancybox/fancybox_loading@2x.gif]
[wpocean.com/html/tf/sukun/assets/css/jquery.fancybox.css]
[wpocean.com/html/tf/sukun/assets/css/odometer-theme-default.css]
[wpocean.com/html/tf/sukun/assets/images/ui-icons_444444_256x240.png]
[wpocean.com/html/tf/sukun/assets/images/ui-icons_555555_256x240.png]
[wpocean.com/html/tf/sukun/assets/images/ui-icons_ffffff_256x240.png]
[wpocean.com/html/tf/sukun/assets/images/ui-icons_777620_256x240.png]
[wpocean.com/html/tf/sukun/assets/images/ui-icons_cc0000_256x240.png]
[wpocean.com/html/tf/sukun/assets/images/ui-icons_777777_256x240.png]
[wpocean.com/html/tf/sukun/assets/css/jquery-ui.css]
[wpocean.com/html/tf/sukun/assets/fonts/monallesiascript.woff2]
[wpocean.com/html/tf/sukun/assets/fonts/monallesiascript.woff]
[wpocean.com/html/tf/sukun/assets/images/select-icon.png]
[wpocean.com/html/tf/sukun/assets/images/page-title.jpg]
[wpocean.com/html/tf/sukun/assets/images/bg-2.jpg]
[wpocean.com/html/tf/sukun/assets/images/Single-title-shape2.png]
[wpocean.com/html/tf/sukun/assets/images/slider/text-bg.jpg]
[wpocean.com/html/tf/sukun/assets/images/wedding-date/1.svg]
[wpocean.com/html/tf/sukun/assets/images/date.png]
[wpocean.com/html/tf/sukun/assets/images/wedding-date/2.svg]
[wpocean.com/html/tf/sukun/assets/images/wedding-date/3.svg]
[wpocean.com/html/tf/sukun/assets/images/wedding-date/7.svg]
[wpocean.com/html/tf/sukun/assets/images/wedding-date/8.svg]
[wpocean.com/html/tf/sukun/assets/images/wedding-date/4.svg]
[wpocean.com/html/tf/sukun/assets/images/select-icon2.png]
[wpocean.com/html/tf/sukun/assets/images/date2.png]
[wpocean.com/html/tf/sukun/assets/images/slider/invite-bg.png]
[wpocean.com/html/tf/sukun/assets/images/offer.jpg]
[wpocean.com/html/tf/sukun/assets/sass/style.css]
[wpocean.com/html/tf/sukun/story.html]
[wpocean.com/html/tf/sukun/assets/images/wedding-date/5.svg]
[wpocean.com/html/tf/sukun/assets/images/wedding-date/6.svg]
[wpocean.com/html/tf/sukun/story-2.html]
[wpocean.com/html/tf/sukun/story-3.html]
[wpocean.com/html/tf/sukun/story-4.html]
[wpocean.com/html/tf/sukun/story-5.html]
[wpocean.com/html/tf/sukun/story-6.html]
[wpocean.com/html/tf/sukun/story-7.html]
[wpocean.com/html/tf/sukun/accomodation.html]
[wpocean.com/html/tf/sukun/rsvp-2.html]
[wpocean.com/html/tf/sukun/rsvp-3.html]
[wpocean.com/html/tf/sukun/rsvp-4.html]
[wpocean.com/html/tf/sukun/rsvp-5.html]
[wpocean.com/html/tf/sukun/rsvp-6.html]
[wpocean.com/html/tf/sukun/rsvp-7.html]
[wpocean.com/html/tf/sukun/planner.html]
[wpocean.com/html/tf/sukun/team-single.html]
[wpocean.com/html/tf/sukun/groom-bride.html]
[wpocean.com/html/tf/sukun/service-s2.html]
[wpocean.com/html/tf/sukun/service-s3.html]
[wpocean.com/html/tf/sukun/service-single.html]
[wpocean.com/html/tf/sukun/pricing.html]
[wpocean.com/html/tf/sukun/login.html]
[wpocean.com/html/tf/sukun/register.html]
[wpocean.com/html/tf/sukun/forgot.html]
[wpocean.com/html/tf/sukun/coming.html]
[wpocean.com/html/tf/sukun/404.html]
[wpocean.com/html/tf/sukun/portfolio-grid.html]
[wpocean.com/html/tf/sukun/portfolio-grid-s2.html]
[wpocean.com/html/tf/sukun/portfolio-grid-s3.html]
[wpocean.com/html/tf/sukun/portfolio-masonary.html]
[wpocean.com/html/tf/sukun/portfolio-masonary-s2.html]
[wpocean.com/html/tf/sukun/portfolio-masonary-s3.html]
[wpocean.com/html/tf/sukun/portfolio-slide.html]
[wpocean.com/html/tf/sukun/portfolio-single.html]
[wpocean.com/html/tf/sukun/shop-single.html]
[wpocean.com/html/tf/sukun/wishlist.html]
[wpocean.com/html/tf/sukun/blog-left-sidebar.html]
[wpocean.com/html/tf/sukun/blog-fullwidth.html]
[wpocean.com/html/tf/sukun/blog-single-left-sidebar.html]
[wpocean.com/html/tf/sukun/blog-single-fullwidth.html]
[wpocean.com/html/tf/sukun/assets/images/slider/hero-img-1.png]
[wpocean.com/html/tf/sukun/assets/images/slider/bottom-image.png]
[wpocean.com/html/tf/sukun/assets/images/couple/couple-img-1.jpg]
[wpocean.com/html/tf/sukun/assets/images/couple/bride.svg]
[wpocean.com/html/tf/sukun/assets/images/couple/couple-img-2.jpg]
[wpocean.com/html/tf/sukun/assets/images/couple/groom.svg]
[wpocean.com/html/tf/sukun/assets/images/couple/flower1.png]
[wpocean.com/html/tf/sukun/assets/images/couple/flower2.png]
[wpocean.com/html/tf/sukun/assets/images/story/story-1.jpg]
[wpocean.com/html/tf/sukun/assets/images/story/pin.svg]
[wpocean.com/html/tf/sukun/assets/images/story/f-shape-1.png]
[wpocean.com/html/tf/sukun/assets/images/story/f-shape-2.png]
[wpocean.com/html/tf/sukun/assets/images/story/story-2.jpg]
[wpocean.com/html/tf/sukun/assets/images/story/story-3.jpg]
[wpocean.com/html/tf/sukun/assets/images/story/shape1.png]
[wpocean.com/html/tf/sukun/assets/images/story/shape2.png]
[wpocean.com/html/tf/sukun/assets/images/portfolio/1.jpg]
[wpocean.com/html/tf/sukun/assets/images/portfolio/3.jpg]
[wpocean.com/html/tf/sukun/assets/images/portfolio/4.jpg]
[wpocean.com/html/tf/sukun/assets/images/portfolio/5.jpg]
[wpocean.com/html/tf/sukun/assets/images/portfolio/6.jpg]
[wpocean.com/html/tf/sukun/assets/images/portfolio/7.jpg]
[wpocean.com/html/tf/sukun/assets/images/portfolio/8.jpg]
[wpocean.com/html/tf/sukun/assets/images/portfolio/2.jpg]
[wpocean.com/html/tf/sukun/assets/images/rsvp/img-1.png]
[wpocean.com/html/tf/sukun/assets/images/rsvp/left-shape.png]
[wpocean.com/html/tf/sukun/assets/images/rsvp/right-shape.png]
[wpocean.com/html/tf/sukun/assets/images/event/shape-1.png]
[wpocean.com/html/tf/sukun/assets/images/event/shape-2.png]
[wpocean.com/html/tf/sukun/assets/images/blog/img-1.jpg]
[wpocean.com/html/tf/sukun/assets/images/blog/img-2.jpg]
[wpocean.com/html/tf/sukun/assets/images/blog/img-3.jpg]
[wpocean.com/html/tf/sukun/index.html]
[wpocean.com/html/tf/sukun/assets/images/logo.svg]
[wpocean.com/html/tf/sukun/assets/images/slider/hero-1.jpg]
[wpocean.com/html/tf/sukun/assets/images/slider/left-shape-1.png]
[wpocean.com/html/tf/sukun/assets/images/slider/left-shape-2.png]
[wpocean.com/html/tf/sukun/assets/images/slider/hero-2.jpg]
[wpocean.com/html/tf/sukun/assets/images/couple/couple-img-3.jpg]
[wpocean.com/html/tf/sukun/assets/images/couple/bride2.svg]
[wpocean.com/html/tf/sukun/assets/images/couple/heart-shape.png]
[wpocean.com/html/tf/sukun/assets/images/couple/couple-img-4.jpg]
[wpocean.com/html/tf/sukun/assets/images/couple/groom2.svg]
[wpocean.com/html/tf/sukun/assets/images/story/story-4.jpg]
[wpocean.com/html/tf/sukun/assets/images/story/tassel.png]
[wpocean.com/html/tf/sukun/assets/images/story/story-5.jpg]
[wpocean.com/html/tf/sukun/assets/images/story/story-6.jpg]
[wpocean.com/html/tf/sukun/assets/images/story/shape3.png]
[wpocean.com/html/tf/sukun/assets/images/story/shape4.png]
[wpocean.com/html/tf/sukun/assets/images/portfolio/9.jpg]
[wpocean.com/html/tf/sukun/assets/images/portfolio/clothespin.png]
[wpocean.com/html/tf/sukun/assets/images/portfolio/10.jpg]
[wpocean.com/html/tf/sukun/assets/images/portfolio/11.jpg]
[wpocean.com/html/tf/sukun/assets/images/portfolio/12.jpg]
[wpocean.com/html/tf/sukun/assets/images/portfolio/13.jpg]
[wpocean.com/html/tf/sukun/assets/images/portfolio/14.jpg]
[wpocean.com/html/tf/sukun/assets/images/portfolio/15.jpg]
[wpocean.com/html/tf/sukun/assets/images/portfolio/16.jpg]
[wpocean.com/html/tf/sukun/assets/images/portfolio/17.jpg]
[wpocean.com/html/tf/sukun/assets/images/portfolio/18.jpg]
[wpocean.com/html/tf/sukun/assets/images/rsvp/rsvp-bg.png]
[wpocean.com/html/tf/sukun/assets/images/rsvp/left-shape2.png]
[wpocean.com/html/tf/sukun/assets/images/rsvp/right-shape2.png]
[wpocean.com/html/tf/sukun/index-2.html]
[wpocean.com/html/tf/sukun/assets/images/slider/shape-1.png]
[wpocean.com/html/tf/sukun/assets/images/slider/shape-2.png]
[wpocean.com/html/tf/sukun/assets/images/slider/shape-3.png]
[wpocean.com/html/tf/sukun/assets/images/slider/hero-3.jpg]
[wpocean.com/html/tf/sukun/assets/images/story/story-7.jpg]
[wpocean.com/html/tf/sukun/assets/images/story/flower-shape-1.png]
[wpocean.com/html/tf/sukun/assets/images/story/flower-shape-2.png]
[wpocean.com/html/tf/sukun/assets/images/story/story-8.jpg]
[wpocean.com/html/tf/sukun/assets/images/story/story-9.jpg]
[wpocean.com/html/tf/sukun/assets/images/portfolio/19.jpg]
[wpocean.com/html/tf/sukun/assets/images/portfolio/20.jpg]
[wpocean.com/html/tf/sukun/assets/images/portfolio/21.jpg]
[wpocean.com/html/tf/sukun/assets/images/portfolio/22.jpg]
[wpocean.com/html/tf/sukun/assets/images/portfolio/23.jpg]
[wpocean.com/html/tf/sukun/assets/images/portfolio/24.jpg]
[wpocean.com/html/tf/sukun/assets/images/rsvp/left-shape3.png]
[wpocean.com/html/tf/sukun/assets/images/rsvp/right-shape3.png]
[wpocean.com/html/tf/sukun/index-3.html]
[wpocean.com/html/tf/sukun/assets/images/slider/hero-img-2.png]
[wpocean.com/html/tf/sukun/assets/images/slider/back-flower.png]
[wpocean.com/html/tf/sukun/assets/images/couple/couple-img-5.jpg]
[wpocean.com/html/tf/sukun/assets/images/couple/l-shape-1.png]
[wpocean.com/html/tf/sukun/assets/images/couple/couple-img-6.jpg]
[wpocean.com/html/tf/sukun/assets/images/couple/l-shape-2.png]
[wpocean.com/html/tf/sukun/assets/images/couple/couple-img-9.jpg]
[wpocean.com/html/tf/sukun/assets/images/couple/couple-img-10.jpg]
[wpocean.com/html/tf/sukun/assets/images/couple/couple-img-7.jpg]
[wpocean.com/html/tf/sukun/assets/images/couple/l-shape-3.png]
[wpocean.com/html/tf/sukun/assets/images/couple/couple-img-8.jpg]
[wpocean.com/html/tf/sukun/assets/images/couple/l-shape-4.png]
[wpocean.com/html/tf/sukun/assets/images/portfolio/27.jpg]
[wpocean.com/html/tf/sukun/assets/images/portfolio/26.jpg]
[wpocean.com/html/tf/sukun/assets/images/portfolio/25.jpg]
[wpocean.com/html/tf/sukun/assets/images/portfolio/28.jpg]
[wpocean.com/html/tf/sukun/assets/images/portfolio/29.jpg]
[wpocean.com/html/tf/sukun/assets/images/team/img-1.jpg]
[wpocean.com/html/tf/sukun/assets/images/team/img-2.jpg]
[wpocean.com/html/tf/sukun/assets/images/team/img-3.jpg]
[wpocean.com/html/tf/sukun/assets/images/team/img-4.jpg]
[wpocean.com/html/tf/sukun/assets/images/rsvp/bg.jpg]
[wpocean.com/html/tf/sukun/index-4.html]
[wpocean.com/html/tf/sukun/assets/images/slider/heading-shape-1.png]
[wpocean.com/html/tf/sukun/assets/images/slider/heading-shape-2.png]
[wpocean.com/html/tf/sukun/assets/images/slider/slide-1.jpg]
[wpocean.com/html/tf/sukun/assets/images/slider/slide-2.jpg]
[wpocean.com/html/tf/sukun/assets/images/slider/slide-3.jpg]
[wpocean.com/html/tf/sukun/assets/images/couple/couple-img-11.jpg]
[wpocean.com/html/tf/sukun/assets/images/story/story-10.jpg]
[wpocean.com/html/tf/sukun/assets/images/story/story-11.jpg]
[wpocean.com/html/tf/sukun/assets/images/story/story-12.jpg]
[wpocean.com/html/tf/sukun/assets/images/cta.jpg]
[wpocean.com/html/tf/sukun/assets/images/portfolio/30.jpg]
[wpocean.com/html/tf/sukun/assets/images/portfolio/31.jpg]
[wpocean.com/html/tf/sukun/assets/images/portfolio/32.jpg]
[wpocean.com/html/tf/sukun/assets/images/portfolio/33.jpg]
[wpocean.com/html/tf/sukun/assets/images/portfolio/35.jpg]
[wpocean.com/html/tf/sukun/assets/images/portfolio/34.jpg]
[wpocean.com/html/tf/sukun/assets/images/rsvp/bg2.jpg]
[wpocean.com/html/tf/sukun/assets/images/blog/img-4.jpg]
[wpocean.com/html/tf/sukun/assets/images/blog/img-5.jpg]
[wpocean.com/html/tf/sukun/assets/images/blog/img-6.jpg]
[wpocean.com/html/tf/sukun/index-5.html]
[wpocean.com/html/tf/sukun/assets/images/slider/hero-img-4.jpg]
[wpocean.com/html/tf/sukun/assets/images/slider/left-shape-3.png]
[wpocean.com/html/tf/sukun/assets/images/slider/left-shape-4.png]
[wpocean.com/html/tf/sukun/assets/images/couple/couple-img-14.jpg]
[wpocean.com/html/tf/sukun/assets/images/story/story-17.jpg]
[wpocean.com/html/tf/sukun/assets/images/story/flower-shape-3.png]
[wpocean.com/html/tf/sukun/assets/images/story/flower-shape-4.png]
[wpocean.com/html/tf/sukun/assets/images/story/story-18.jpg]
[wpocean.com/html/tf/sukun/assets/images/story/story-19.jpg]
[wpocean.com/html/tf/sukun/assets/images/rsvp/bg3.jpg]
[wpocean.com/html/tf/sukun/assets/images/rsvp/top-shape2.png]
[wpocean.com/html/tf/sukun/assets/images/rsvp/bottom-shape2.png]
[wpocean.com/html/tf/sukun/assets/images/blog/img-14.jpg]
[wpocean.com/html/tf/sukun/assets/images/blog/img-15.jpg]
[wpocean.com/html/tf/sukun/assets/images/blog/img-16.jpg]
[wpocean.com/html/tf/sukun/index-7.html]
[wpocean.com/html/tf/sukun/assets/images/slider/rtl-hero-img.png]
[wpocean.com/html/tf/sukun/assets/images/slider/top-vector1.png]
[wpocean.com/html/tf/sukun/assets/images/slider/top-vector2.png]
[wpocean.com/html/tf/sukun/assets/images/couple/groom.png]
[wpocean.com/html/tf/sukun/assets/images/couple/love.png]
[wpocean.com/html/tf/sukun/assets/images/couple/bride.png]
[wpocean.com/html/tf/sukun/assets/images/story/story-20.jpg]
[wpocean.com/html/tf/sukun/assets/images/story/story-21.jpg]
[wpocean.com/html/tf/sukun/assets/images/story/story-22.jpg]
[wpocean.com/html/tf/sukun/assets/images/rsvp/top-shape3.png]
[wpocean.com/html/tf/sukun/assets/images/rsvp/top-shape4.png]
[wpocean.com/html/tf/sukun/assets/images/rsvp/l-flower3.png]
[wpocean.com/html/tf/sukun/assets/images/rsvp/l-flower4.png]
[wpocean.com/html/tf/sukun/index-rtl.html]
[wpocean.com/html/tf/sukun/assets/images/slider/invitation-1.jpg]
[wpocean.com/html/tf/sukun/assets/images/slider/ishape-1.svg]
[wpocean.com/html/tf/sukun/assets/images/slider/ishape-2.svg]
[wpocean.com/html/tf/sukun/assets/images/slider/ishape-3.svg]
[wpocean.com/html/tf/sukun/invitation-1.html]
[wpocean.com/html/tf/sukun/assets/images/slider/ishape-4.svg]
[wpocean.com/html/tf/sukun/assets/images/slider/ishape-5.svg]
[wpocean.com/html/tf/sukun/assets/images/slider/invitation-2.jpg]
[wpocean.com/html/tf/sukun/assets/images/slider/invitation-shape-1.png]
[wpocean.com/html/tf/sukun/assets/images/slider/invitation-shape-2.png]
[wpocean.com/html/tf/sukun/invitation-2.html]
[wpocean.com/html/tf/sukun/assets/images/slider/h1.jpg]
[wpocean.com/html/tf/sukun/assets/images/slider/h2.jpg]
[wpocean.com/html/tf/sukun/assets/images/slider/h3.jpg]
[wpocean.com/html/tf/sukun/assets/images/slider/h4.jpg]
[wpocean.com/html/tf/sukun/assets/images/slider/h5.jpg]
[wpocean.com/html/tf/sukun/assets/images/slider/h6.jpg]
[wpocean.com/html/tf/sukun/assets/images/slider/h7.jpg]
[wpocean.com/html/tf/sukun/assets/images/about/img-1.jpg]
[wpocean.com/html/tf/sukun/assets/images/about/signature.png]
[wpocean.com/html/tf/sukun/assets/images/funfact/1.svg]
[wpocean.com/html/tf/sukun/assets/images/funfact/2.svg]
[wpocean.com/html/tf/sukun/assets/images/funfact/3.svg]
[wpocean.com/html/tf/sukun/assets/images/funfact/4.svg]
[wpocean.com/html/tf/sukun/assets/images/service/img-1.jpg]
[wpocean.com/html/tf/sukun/assets/images/service/img-2.jpg]
[wpocean.com/html/tf/sukun/assets/images/service/img-3.jpg]
[wpocean.com/html/tf/sukun/assets/images/service/img-4.jpg]
[wpocean.com/html/tf/sukun/assets/images/portfolio/42.jpg]
[wpocean.com/html/tf/sukun/assets/images/portfolio/43.jpg]
[wpocean.com/html/tf/sukun/assets/images/portfolio/44.jpg]
[wpocean.com/html/tf/sukun/assets/images/portfolio/45.jpg]
[wpocean.com/html/tf/sukun/assets/images/portfolio/white.jpg]
[wpocean.com/html/tf/sukun/assets/images/portfolio/46.jpg]
[wpocean.com/html/tf/sukun/assets/images/portfolio/47.jpg]
[wpocean.com/html/tf/sukun/assets/images/portfolio/49.jpg]
[wpocean.com/html/tf/sukun/assets/images/portfolio/48.jpg]
[wpocean.com/html/tf/sukun/assets/images/product/1.jpg]
[wpocean.com/html/tf/sukun/assets/images/product/2.jpg]
[wpocean.com/html/tf/sukun/assets/images/product/3.jpg]
[wpocean.com/html/tf/sukun/assets/images/product/4.jpg]
[wpocean.com/html/tf/sukun/assets/images/contact/bg.jpg]
[wpocean.com/html/tf/sukun/assets/images/pricing/shape-1.svg]
[wpocean.com/html/tf/sukun/index-8.html]
[wpocean.com/html/tf/sukun/assets/images/pricing/shape-2.svg]
[wpocean.com/html/tf/sukun/assets/images/slider/slide-4.jpg]
[wpocean.com/html/tf/sukun/assets/images/slider/slide-5.jpg]
[wpocean.com/html/tf/sukun/assets/images/slider/slide-6.jpg]
[wpocean.com/html/tf/sukun/assets/images/about/img-2.jpg]
[wpocean.com/html/tf/sukun/assets/images/about/img-3.jpg]
[wpocean.com/html/tf/sukun/assets/images/service/img-5.jpg]
[wpocean.com/html/tf/sukun/assets/images/service/img-6.jpg]
[wpocean.com/html/tf/sukun/assets/images/service/img-7.jpg]
[wpocean.com/html/tf/sukun/assets/images/service/img-8.jpg]
[wpocean.com/html/tf/sukun/index-9.html]
[wpocean.com/html/tf/sukun/assets/images/slider/s-shape-1.png]
[wpocean.com/html/tf/sukun/assets/images/slider/s-shape-2.png]
[wpocean.com/html/tf/sukun/assets/images/slider/shop-right.jpg]
[wpocean.com/html/tf/sukun/assets/images/category/category1.svg]
[wpocean.com/html/tf/sukun/assets/images/category/category2.svg]
[wpocean.com/html/tf/sukun/assets/images/category/category3.svg]
[wpocean.com/html/tf/sukun/assets/images/category/category4.svg]
[wpocean.com/html/tf/sukun/assets/images/category/category5.svg]
[wpocean.com/html/tf/sukun/assets/images/category/category6.svg]
[wpocean.com/html/tf/sukun/assets/images/category/category7.svg]
[wpocean.com/html/tf/sukun/assets/images/category/img-1.jpg]
[wpocean.com/html/tf/sukun/assets/images/category/img-2.jpg]
[wpocean.com/html/tf/sukun/assets/images/product/5.jpg]
[wpocean.com/html/tf/sukun/assets/images/product/6.jpg]
[wpocean.com/html/tf/sukun/assets/images/product/7.jpg]
[wpocean.com/html/tf/sukun/assets/images/product/8.jpg]
[wpocean.com/html/tf/sukun/assets/images/product/9.jpg]
[wpocean.com/html/tf/sukun/assets/images/product/10.jpg]
[wpocean.com/html/tf/sukun/assets/images/product/11.jpg]
[wpocean.com/html/tf/sukun/assets/images/product/12.jpg]
[wpocean.com/html/tf/sukun/shop-home.html]
[wpocean.com/html/tf/sukun/assets/images/slider/cake1.jpg]
[wpocean.com/html/tf/sukun/assets/images/slider/cake2.jpg]
[wpocean.com/html/tf/sukun/assets/images/slider/cake3.jpg]
[wpocean.com/html/tf/sukun/assets/images/slider/cake4.jpg]
[wpocean.com/html/tf/sukun/assets/images/category/1.jpg]
[wpocean.com/html/tf/sukun/assets/images/category/2.jpg]
[wpocean.com/html/tf/sukun/assets/images/category/3.jpg]
[wpocean.com/html/tf/sukun/assets/images/category/4.jpg]
[wpocean.com/html/tf/sukun/assets/images/product/13.jpg]
[wpocean.com/html/tf/sukun/assets/images/product/14.jpg]
[wpocean.com/html/tf/sukun/assets/images/product/15.jpg]
[wpocean.com/html/tf/sukun/assets/images/product/16.jpg]
[wpocean.com/html/tf/sukun/assets/images/blog/cake-1.jpg]
[wpocean.com/html/tf/sukun/assets/images/blog/cake-2.jpg]
[wpocean.com/html/tf/sukun/assets/images/blog/cake-3.jpg]
[wpocean.com/html/tf/sukun/shop-home-2.html]
[wpocean.com/html/tf/sukun/assets/images/best-seller/1.jpg]
[wpocean.com/html/tf/sukun/assets/images/best-seller/2.jpg]
[wpocean.com/html/tf/sukun/assets/images/best-seller/3.jpg]
[wpocean.com/html/tf/sukun/assets/images/instragram/1.jpg]
[wpocean.com/html/tf/sukun/assets/images/instragram/2.jpg]
[wpocean.com/html/tf/sukun/assets/images/instragram/3.jpg]
[wpocean.com/html/tf/sukun/assets/images/instragram/4.jpg]
[wpocean.com/html/tf/sukun/assets/images/instragram/5.jpg]
[wpocean.com/html/tf/sukun/assets/images/instragram/6.jpg]
[wpocean.com/html/tf/sukun/shop.html]
[wpocean.com/html/tf/sukun/assets/images/checkout/img-1.png]
[wpocean.com/html/tf/sukun/assets/images/checkout/img-2.png]
[wpocean.com/html/tf/sukun/assets/images/checkout/img-3.png]
[wpocean.com/html/tf/sukun/assets/images/checkout/img-4.png]
[wpocean.com/html/tf/sukun/checkout.html]
[wpocean.com/html/tf/sukun/assets/images/cart/img-1.jpg]
[wpocean.com/html/tf/sukun/assets/images/cart/img-2.jpg]
[wpocean.com/html/tf/sukun/assets/images/cart/img-3.jpg]
[wpocean.com/html/tf/sukun/assets/images/cart/img-4.jpg]
[wpocean.com/html/tf/sukun/assets/images/cart/img-5.jpg]
[wpocean.com/html/tf/sukun/cart.html]
[wpocean.com/html/tf/sukun/assets/images/icon/1.svg]
[wpocean.com/html/tf/sukun/assets/images/icon/2.svg]
[wpocean.com/html/tf/sukun/assets/images/icon/3.svg]
[wpocean.com/html/tf/sukun/assets/images/icon/4.svg]
[wpocean.com/html/tf/sukun/assets/images/icon/5.svg]
[wpocean.com/html/tf/sukun/assets/images/icon/6.svg]
[wpocean.com/html/tf/sukun/assets/images/icon/7.svg]
[wpocean.com/html/tf/sukun/assets/images/blog/img-17.jpg]
[wpocean.com/html/tf/sukun/assets/images/blog-details/1.jpg]
[wpocean.com/html/tf/sukun/assets/images/blog-details/2.jpg]
[wpocean.com/html/tf/sukun/assets/images/blog-details/author.jpg]
[wpocean.com/html/tf/sukun/assets/images/blog-details/comments-author/img-1.jpg]
[wpocean.com/html/tf/sukun/assets/images/blog-details/comments-author/img-2.jpg]
[wpocean.com/html/tf/sukun/assets/images/blog-details/comments-author/img-3.jpg]
[wpocean.com/html/tf/sukun/assets/images/blog/about-widget.jpg]
[wpocean.com/html/tf/sukun/assets/images/blog/ab.png]
[wpocean.com/html/tf/sukun/assets/images/recent-posts/img-1.jpg]
[wpocean.com/html/tf/sukun/assets/images/recent-posts/img-2.jpg]
[wpocean.com/html/tf/sukun/assets/images/recent-posts/img-3.jpg]
[wpocean.com/html/tf/sukun/blog-single.html]
[wpocean.com/html/tf/sukun/assets/images/blog/img-18.jpg]
[wpocean.com/html/tf/sukun/assets/images/blog/img-19.jpg]
[wpocean.com/html/tf/sukun/blog.html]
[wpocean.com/html/tf/sukun/about.html]
[wpocean.com/html/tf/sukun/service.html]
[wpocean.com/html/tf/sukun/rsvp.html]
[wpocean.com/html/tf/sukun/gallery.html]
[wpocean.com/html/tf/sukun/contact.html]
[wpocean.com/html/tf/sukun/assets/images/logo-2.svg]
[wpocean.com/html/tf/sukun/assets/fonts/themify9f24.svg]
[wpocean.com/html/tf/sukun/assets/fonts/fontawesome-webfont5b62.svg]
[wpocean.com/html/tf/sukun/assets/fonts/flaticone679.svg]
[wpocean.com/html/tf/sukun/assets/css/owl.video.play.html]
[wpocean.com/html/tf/sukun/assets/fonts/slick.svg]
[wpocean.com/html/tf/sukun/assets/images/ui-icons_ffffff_256x240.html]
[wpocean.com/html/tf/sukun/assets/images/ui-icons_777620_256x240.html]
[wpocean.com/html/tf/sukun/assets/images/ui-icons_cc0000_256x240.html]
[wpocean.com/html/tf/sukun/assets/images/ui-icons_777777_256x240.html]
[wpocean.com/html/tf/sukun/assets/images/bg-2.html]
[wpocean.com/html/tf/sukun/assets/images/Single-title-shape2.html]
[wpocean.com/html/tf/sukun/assets/images/wedding-date/7.svg]
[wpocean.com/html/tf/sukun/assets/images/wedding-date/8.svg]
[wpocean.com/html/tf/sukun/assets/images/wedding-date/1.svg]
[wpocean.com/html/tf/sukun/assets/images/wedding-date/2.svg]
[wpocean.com/html/tf/sukun/assets/images/wedding-date/3.svg]
[wpocean.com/html/tf/sukun/assets/images/wedding-date/4.svg]
[wpocean.com/html/tf/sukun/assets/images/wedding-date/5.svg]
[wpocean.com/html/tf/sukun/assets/images/wedding-date/6.svg]
[wpocean.com/html/tf/sukun/story.html]
[wpocean.com/html/tf/sukun/story-2.html]
[wpocean.com/html/tf/sukun/story-3.html]
[wpocean.com/html/tf/sukun/story-4.html]
[wpocean.com/html/tf/sukun/story-5.html]
[wpocean.com/html/tf/sukun/story-6.html]
[wpocean.com/html/tf/sukun/story-7.html]
[wpocean.com/html/tf/sukun/assets/images/video-img/img-1.jpg]
[wpocean.com/html/tf/sukun/accomodation.html]
[wpocean.com/html/tf/sukun/rsvp-2.html]
[wpocean.com/html/tf/sukun/rsvp-3.html]
[wpocean.com/html/tf/sukun/rsvp-4.html]
[wpocean.com/html/tf/sukun/rsvp-5.html]
[wpocean.com/html/tf/sukun/rsvp-6.html]
[wpocean.com/html/tf/sukun/rsvp-7.html]
[wpocean.com/html/tf/sukun/planner.html]
[wpocean.com/html/tf/sukun/assets/images/at-single.jpg]
[wpocean.com/html/tf/sukun/team-single.html]
[wpocean.com/html/tf/sukun/groom-bride.html]
[wpocean.com/html/tf/sukun/service-s2.html]
[wpocean.com/html/tf/sukun/service-s3.html]
[wpocean.com/html/tf/sukun/assets/images/service-single/1.jpg]
[wpocean.com/html/tf/sukun/assets/images/service-single/2.jpg]
[wpocean.com/html/tf/sukun/assets/images/service-single/3.jpg]
[wpocean.com/html/tf/sukun/service-single.html]
[wpocean.com/html/tf/sukun/pricing.html]
[wpocean.com/html/tf/sukun/assets/css/auth-pages.css]
[wpocean.com/html/tf/sukun/login.html]
[wpocean.com/html/tf/sukun/register.html]
[wpocean.com/html/tf/sukun/forgot.html]
[wpocean.com/html/tf/sukun/assets/images/login.svg]
[wpocean.com/html/tf/sukun/assets/images/slider/invitation-3.jpg]
[wpocean.com/html/tf/sukun/coming.html]
[wpocean.com/html/tf/sukun/404.html]
[wpocean.com/html/tf/sukun/portfolio-grid.html]
[wpocean.com/html/tf/sukun/portfolio-grid-s2.html]
[wpocean.com/html/tf/sukun/portfolio-grid-s3.html]
[wpocean.com/html/tf/sukun/portfolio-masonary.html]
[wpocean.com/html/tf/sukun/portfolio-masonary-s2.html]
[wpocean.com/html/tf/sukun/portfolio-masonary-s3.html]
[wpocean.com/html/tf/sukun/portfolio-slide.html]
[wpocean.com/html/tf/sukun/assets/images/error-404.svg]
[wpocean.com/html/tf/sukun/assets/images/portfolio-single/1.jpg]
[wpocean.com/html/tf/sukun/assets/images/portfolio-single/2.jpg]
[wpocean.com/html/tf/sukun/assets/images/portfolio-single/3.jpg]
[wpocean.com/html/tf/sukun/assets/images/portfolio-single/4.jpg]
[wpocean.com/html/tf/sukun/portfolio-single.html]
[wpocean.com/html/tf/sukun/assets/images/shop/shop-single/thumb/img-1.jpg]
[wpocean.com/html/tf/sukun/assets/images/shop/shop-single/thumb/img-2.jpg]
[wpocean.com/html/tf/sukun/assets/images/shop/shop-single/thumb/img-3.jpg]
[wpocean.com/html/tf/sukun/assets/images/shop/shop-single/thumb/img-4.jpg]
[wpocean.com/html/tf/sukun/assets/images/shop/shop-single/1.jpg]
[wpocean.com/html/tf/sukun/assets/images/shop/shop-single/2.jpg]
[wpocean.com/html/tf/sukun/assets/images/shop/shop-single/3.jpg]
[wpocean.com/html/tf/sukun/assets/images/shop/shop-single/4.jpg]
[wpocean.com/html/tf/sukun/assets/images/shop/shop-single/review/img-1.jpg]
[wpocean.com/html/tf/sukun/assets/images/shop/shop-single/review/img-2.jpg]
[wpocean.com/html/tf/sukun/shop-single.html]
[wpocean.com/html/tf/sukun/wishlist.html]
[wpocean.com/html/tf/sukun/blog-left-sidebar.html]
[wpocean.com/html/tf/sukun/blog-fullwidth.html]
[wpocean.com/html/tf/sukun/blog-single-left-sidebar.html]
[wpocean.com/html/tf/sukun/blog-single-fullwidth.html]
[wpocean.com/html/tf/sukun/assets/images/couple/bride.svg]
[wpocean.com/html/tf/sukun/assets/images/couple/groom.svg]
[wpocean.com/html/tf/sukun/assets/images/story/pin.svg]
[wpocean.com/html/tf/sukun/assets/images/couple/bride2.svg]
[wpocean.com/html/tf/sukun/assets/images/couple/groom2.svg]
[wpocean.com/html/tf/sukun/assets/images/slider/ishape-1.svg]
[wpocean.com/html/tf/sukun/assets/images/slider/ishape-2.svg]
[wpocean.com/html/tf/sukun/assets/images/slider/ishape-3.svg]
[wpocean.com/html/tf/sukun/assets/images/slider/ishape-4.svg]
[wpocean.com/html/tf/sukun/assets/images/slider/ishape-5.svg]
[wpocean.com/html/tf/sukun/assets/images/funfact/1.svg]
[wpocean.com/html/tf/sukun/assets/images/funfact/2.svg]
[wpocean.com/html/tf/sukun/assets/images/funfact/3.svg]
[wpocean.com/html/tf/sukun/assets/images/funfact/4.svg]
[wpocean.com/html/tf/sukun/assets/images/pricing/shape-1.svg]
[wpocean.com/html/tf/sukun/assets/images/pricing/shape-2.svg]
[wpocean.com/html/tf/sukun/assets/images/category/category1.svg]
[wpocean.com/html/tf/sukun/assets/images/category/category2.svg]
[wpocean.com/html/tf/sukun/assets/images/category/category3.svg]
[wpocean.com/html/tf/sukun/assets/images/category/category4.svg]
[wpocean.com/html/tf/sukun/assets/images/category/category5.svg]
[wpocean.com/html/tf/sukun/assets/images/category/category6.svg]
[wpocean.com/html/tf/sukun/assets/images/category/category7.svg]
[wpocean.com/html/tf/sukun/assets/css/auth-pages.css]
[wpocean.com/html/tf/sukun/assets/images/login.svg]
[wpocean.com/html/tf/sukun/assets/images/error-404.svg]
